
[ec2-user@ip-10-2-10-190 ~]$ mysql -h  secondarydb.cornywqpkv3w.us-west-1.rds.amazonaws.com -P 3306 -u admin -p
Enter password:
Welcome to the MySQL monitor.  Commands end with ; or \g.
Your MySQL connection id is 755
Server version: 5.7.28 Source distribution

Copyright (c) 2000, 2018, Oracle and/or its affiliates. All rights reserved.

Oracle is a registered trademark of Oracle Corporation and/or its
affiliates. Other names may be trademarks of their respective
owners.

Type 'help;' or '\h' for help. Type '\c' to clear the current input statement.

mysql>  INSERT INTO test_nrv
    ->  (title,start_date,status,description)
    ->  values('UDACITY2',CURDATE(),'NEW','Test-Insert');
ERROR 1046 (3D000): No database selected
mysql> show databases;
+--------------------+
| Database           |
+--------------------+
| information_schema |
| innodb             |
| mysql              |
| performance_schema |
| sys                |
+--------------------+
5 rows in set (0.00 sec)

mysql> use innodb;
Reading table information for completion of table and column names
You can turn off this feature to get a quicker startup with -A

Database changed
mysql>  INSERT INTO test_nrv
    ->  (title,start_date,status,description)
    ->  values('UDACITY2',CURDATE(),'NEW','Test-Insert');
ERROR 1290 (HY000): The MySQL server is running with the --read-only option so it cannot execute this statement
mysql> INSERT INTO test_nrv   (title,start_date,status,description)  values('UDACITY2',CURDATE(),'NEW','Test-Insert');
ERROR 2006 (HY000): MySQL server has gone away
No connection. Trying to reconnect...
Connection id:    2
Current database: innodb

Query OK, 1 row affected, 1 warning (0.05 sec)

mysql> show tables;
+------------------+
| Tables_in_innodb |
+------------------+
| test_nrv         |
+------------------+
1 row in set (0.00 sec)

mysql> select * from test_nrv
    -> ;
+----+----------+------------+--------+-------------+---------------------+
| id | title    | start_date | status | description | created_at          |
+----+----------+------------+--------+-------------+---------------------+
|  1 | UDACITY1 | 2020-06-02 |      0 | Test-Insert | 2020-06-02 06:15:53 |
|  2 | UDACITY2 | 2020-06-03 |      0 | Test-Insert | 2020-06-03 23:33:56 |
+----+----------+------------+--------+-------------+---------------------+
2 rows in set (0.00 sec)

mysql>
