Complete!
[ec2-user@ip-10-1-11-85 run]$ mysql -h udacity.cjncrhmu80v3.us-west-2.rds.amazon
Enter password:
Welcome to the MySQL monitor.  Commands end with ; or \g.
Your MySQL connection id is 307
Server version: 5.7.28-log Source distribution

Copyright (c) 2000, 2018, Oracle and/or its affiliates. All rights reserved.

Oracle is a registered trademark of Oracle Corporation and/or its
affiliates. Other names may be trademarks of their respective
owners.

Type 'help;' or '\h' for help. Type '\c' to clear the current input statement.

mysql>
mysql> CREATE TABLE IF NOT EXISTS test_nrv (
    ->     id INT AUTO_INCREMENT PRIMARY KEY,
    ->     title VARCHAR(255) NOT NULL,
    ->     start_date DATE,
    ->     status TINYINT NOT NULL,
    ->     description TEXT,
    ->     created_at TIMESTAMP DEFAULT CURRENT_TIMESTAMP
    -> )  ENGINE=INNODB;
ERROR 1046 (3D000): No database selected
mysql> show databases
    -> ;
+--------------------+
| Database           |
+--------------------+
| information_schema |
| innodb             |
| mysql              |
| performance_schema |
| sys                |
+--------------------+
5 rows in set (0.00 sec)

mysql> use mysql
Reading table information for completion of table and column names
You can turn off this feature to get a quicker startup with -A

Database changed
mysql>
mysql> CREATE TABLE IF NOT EXISTS test_nrv (
    ->     id INT AUTO_INCREMENT PRIMARY KEY,
    ->     title VARCHAR(255) NOT NULL,
    ->     start_date DATE,
    ->     status TINYINT NOT NULL,
    ->     description TEXT,
    ->     created_at TIMESTAMP DEFAULT CURRENT_TIMESTAMP
    -> )  ENGINE=INNODB;
ERROR 1044 (42000): Access denied for user 'admin'@'%' to database 'mysql'
mysql> show databasel
    -> ;
ERROR 1064 (42000): You have an error in your SQL syntax; check the manual that corresponds to your MySQL server version for the right s                                                                                                     yntax to use near 'databasel' at line 1
mysql> show databases;
+--------------------+
| Database           |
+--------------------+
| information_schema |
| innodb             |
| mysql              |
| performance_schema |
| sys                |
+--------------------+
5 rows in set (0.01 sec)

mysql> use udacity
ERROR 1049 (42000): Unknown database 'udacity'
mysql> use innodv
ERROR 1049 (42000): Unknown database 'innodv'
mysql> use innodb
Database changed
mysql>
mysql> CREATE TABLE IF NOT EXISTS test_nrv (
    ->     id INT AUTO_INCREMENT PRIMARY KEY,
    ->     title VARCHAR(255) NOT NULL,
    ->     start_date DATE,
    ->     status TINYINT NOT NULL,
    ->     description TEXT,
    ->     created_at TIMESTAMP DEFAULT CURRENT_TIMESTAMP
    -> )  ENGINE=INNODB;
Query OK, 0 rows affected (0.06 sec)

mysql> INSERT INTO test_nrv
    ->  (title,start_date,status,description)
    ->  values('UDACITY1',CURDATE(),'NEW','Test-Insert');
Query OK, 1 row affected, 1 warning (0.01 sec)

mysql>  select * from test_nrv;
+----+----------+------------+--------+-------------+---------------------+
| id | title    | start_date | status | description | created_at          |
+----+----------+------------+--------+-------------+---------------------+
|  1 | UDACITY1 | 2020-06-02 |      0 | Test-Insert | 2020-06-02 06:15:53 |
+----+----------+------------+--------+-------------+---------------------+
1 row in set (0.00 sec)

